Using pre-set license
Built from '2021.1/release' branch; Version is '2021.1.1f1 (6fdc41dfa55a) revision 7330881'; Using compiler version '192528614'; Build Type 'Release'
OS: 'Windows 10 Pro; OS build 19042.1083; Version 2009; 64bit' Language: 'ko' Physical Memory: 15790 MB
BatchMode: 1, IsHumanControllingUs: 0, StartBugReporterOnCrash: 0, Is64bit: 1, IsPro: 0

 COMMAND LINE ARGUMENTS:
C:\Program Files\Unity 2021.1.1f1\Editor\Unity.exe
-adb2
-batchMode
-noUpm
-name
AssetImportWorker0
-projectPath
C:/Users/hms03/OneDrive/바탕 화면/Darkness/Darkness
-logFile
Logs/AssetImportWorker0.log
-srvPort
63058
Successfully changed project path to: C:/Users/hms03/OneDrive/바탕 화면/Darkness/Darkness
C:/Users/hms03/OneDrive/바탕 화면/Darkness/Darkness
Using Asset Import Pipeline V2.
Refreshing native plugins compatible for Editor in 128.74 ms, found 1 plugins.
Preloading 0 native plugins for Editor in 0.00 ms.
Initialize engine version: 2021.1.1f1 (6fdc41dfa55a)
[Subsystems] Discovering subsystems at path C:/Program Files/Unity 2021.1.1f1/Editor/Data/Resources/UnitySubsystems
[Subsystems] Discovering subsystems at path C:/Users/hms03/OneDrive/바탕 화면/Darkness/Darkness/Assets
GfxDevice: creating device client; threaded=0; jobified=0
Direct3D:
    Version:  Direct3D 11.0 [level 11.1]
    Renderer: AMD Radeon(TM) Graphics (ID=0x1636)
    Vendor:   ATI
    VRAM:     7895 MB
    Driver:   27.20.1026.1
Initialize mono
Mono path[0] = 'C:/Program Files/Unity 2021.1.1f1/Editor/Data/Managed'
Mono path[1] = 'C:/Program Files/Unity 2021.1.1f1/Editor/Data/MonoBleedingEdge/lib/mono/unityjit'
Mono config path = 'C:/Program Files/Unity 2021.1.1f1/Editor/Data/MonoBleedingEdge/etc'
Using monoOptions --debugger-agent=transport=dt_socket,embedding=1,server=y,suspend=n,address=127.0.0.1:56204
Begin MonoManager ReloadAssembly
Registering precompiled unity dll's ...
Register platform support module: C:/Program Files/Unity 2021.1.1f1/Editor/Data/PlaybackEngines/WindowsStandaloneSupport/UnityEditor.WindowsStandalone.Extensions.dll
Registered in 0.107613 seconds.
Native extension for WindowsStandalone target not found
Refreshing native plugins compatible for Editor in 71.90 ms, found 1 plugins.
Preloading 0 native plugins for Editor in 0.00 ms.
Mono: successfully reloaded assembly
- Completed reload, in  3.718 seconds
Platform modules already initialized, skipping
Registering precompiled user dll's ...
Registered in 0.129207 seconds.
Begin MonoManager ReloadAssembly
Native extension for WindowsStandalone target not found
Refreshing native plugins compatible for Editor in 0.56 ms, found 1 plugins.
Preloading 0 native plugins for Editor in 0.00 ms.
Mono: successfully reloaded assembly
- Completed reload, in  0.855 seconds
Platform modules already initialized, skipping
========================================================================
Worker process is ready to serve import requests
Launched and connected shader compiler UnityShaderCompiler.exe after 0.07 seconds
Refreshing native plugins compatible for Editor in 0.51 ms, found 1 plugins.
Preloading 0 native plugins for Editor in 0.00 ms.
Unloading 2745 Unused Serialized files (Serialized files now loaded: 0)
System memory in use before: 107.5 MB.
System memory in use after: 107.7 MB.

Unloading 15 unused Assets to reduce memory usage. Loaded Objects now: 3218.
Total: 2.093600 ms (FindLiveObjects: 0.250100 ms CreateObjectMapping: 0.070900 ms MarkObjects: 1.691000 ms  DeleteObjects: 0.080400 ms)

========================================================================
Received Import Request.
  path: Assets/Scripts/SlidingDoor.cs
  artifactKey: Guid(0320e8b18d7e0b2478c8a6f61dc6d475) Importer(815301076,1909f56bfc062723c751e8b465ee728b)
Start importing Assets/Scripts/SlidingDoor.cs using Guid(0320e8b18d7e0b2478c8a6f61dc6d475) Importer(815301076,1909f56bfc062723c751e8b465ee728b)  -> (artifact id: '95172f6ad9e328f8b516db046505064c') in 0.038569 seconds 
========================================================================
Received Prepare
Registering precompiled user dll's ...
Registered in 0.002412 seconds.
Begin MonoManager ReloadAssembly
Native extension for WindowsStandalone target not found
Refreshing native plugins compatible for Editor in 0.55 ms, found 1 plugins.
Preloading 0 native plugins for Editor in 0.00 ms.
Mono: successfully reloaded assembly
- Completed reload, in  0.790 seconds
Platform modules already initialized, skipping
Refreshing native plugins compatible for Editor in 0.53 ms, found 1 plugins.
Preloading 0 native plugins for Editor in 0.00 ms.
Unloading 2736 Unused Serialized files (Serialized files now loaded: 0)
System memory in use before: 107.1 MB.
System memory in use after: 107.3 MB.

Unloading 10 unused Assets to reduce memory usage. Loaded Objects now: 3221.
Total: 2.743300 ms (FindLiveObjects: 0.267200 ms CreateObjectMapping: 0.158900 ms MarkObjects: 2.251400 ms  DeleteObjects: 0.064100 ms)

========================================================================
Received Import Request.
  Time since last request: 536.292464 seconds.
  path: Assets/Scripts/SlidingDoor.cs
  artifactKey: Guid(0320e8b18d7e0b2478c8a6f61dc6d475) Importer(815301076,1909f56bfc062723c751e8b465ee728b)
Start importing Assets/Scripts/SlidingDoor.cs using Guid(0320e8b18d7e0b2478c8a6f61dc6d475) Importer(815301076,1909f56bfc062723c751e8b465ee728b)  -> (artifact id: '9548124ffedb665ce1bb7f434dd42181') in 0.006285 seconds 
========================================================================
Received Prepare
Registering precompiled user dll's ...
Registered in 0.002403 seconds.
Begin MonoManager ReloadAssembly
Native extension for WindowsStandalone target not found
Refreshing native plugins compatible for Editor in 0.54 ms, found 1 plugins.
Preloading 0 native plugins for Editor in 0.00 ms.
Mono: successfully reloaded assembly
- Completed reload, in  0.779 seconds
Platform modules already initialized, skipping
Refreshing native plugins compatible for Editor in 0.57 ms, found 1 plugins.
Preloading 0 native plugins for Editor in 0.00 ms.
Unloading 2736 Unused Serialized files (Serialized files now loaded: 0)
System memory in use before: 107.1 MB.
System memory in use after: 107.3 MB.

Unloading 10 unused Assets to reduce memory usage. Loaded Objects now: 3224.
Total: 2.267100 ms (FindLiveObjects: 0.312500 ms CreateObjectMapping: 0.128200 ms MarkObjects: 1.761100 ms  DeleteObjects: 0.063400 ms)

========================================================================
Received Prepare
Registering precompiled user dll's ...
Registered in 0.002525 seconds.
Begin MonoManager ReloadAssembly
Native extension for WindowsStandalone target not found
Refreshing native plugins compatible for Editor in 0.54 ms, found 1 plugins.
Preloading 0 native plugins for Editor in 0.00 ms.
Mono: successfully reloaded assembly
- Completed reload, in  0.779 seconds
Platform modules already initialized, skipping
Refreshing native plugins compatible for Editor in 0.51 ms, found 1 plugins.
Preloading 0 native plugins for Editor in 0.00 ms.
Unloading 2736 Unused Serialized files (Serialized files now loaded: 0)
System memory in use before: 107.2 MB.
System memory in use after: 107.4 MB.

Unloading 10 unused Assets to reduce memory usage. Loaded Objects now: 3227.
Total: 2.234800 ms (FindLiveObjects: 0.334600 ms CreateObjectMapping: 0.137600 ms MarkObjects: 1.699500 ms  DeleteObjects: 0.061000 ms)

========================================================================
Received Prepare
Registering precompiled user dll's ...
Registered in 0.002553 seconds.
Begin MonoManager ReloadAssembly
Native extension for WindowsStandalone target not found
Refreshing native plugins compatible for Editor in 0.56 ms, found 1 plugins.
Preloading 0 native plugins for Editor in 0.00 ms.
Mono: successfully reloaded assembly
- Completed reload, in  0.779 seconds
Platform modules already initialized, skipping
Refreshing native plugins compatible for Editor in 0.53 ms, found 1 plugins.
Preloading 0 native plugins for Editor in 0.00 ms.
Unloading 2736 Unused Serialized files (Serialized files now loaded: 0)
System memory in use before: 107.2 MB.
System memory in use after: 107.4 MB.

Unloading 10 unused Assets to reduce memory usage. Loaded Objects now: 3230.
Total: 2.493000 ms (FindLiveObjects: 0.337300 ms CreateObjectMapping: 0.136500 ms MarkObjects: 1.954800 ms  DeleteObjects: 0.063000 ms)

========================================================================
Received Prepare
Registering precompiled user dll's ...
Registered in 0.003063 seconds.
Begin MonoManager ReloadAssembly
Native extension for WindowsStandalone target not found
Refreshing native plugins compatible for Editor in 0.61 ms, found 1 plugins.
Preloading 0 native plugins for Editor in 0.00 ms.
Mono: successfully reloaded assembly
- Completed reload, in  0.753 seconds
Platform modules already initialized, skipping
Refreshing native plugins compatible for Editor in 0.52 ms, found 1 plugins.
Preloading 0 native plugins for Editor in 0.00 ms.
Unloading 2736 Unused Serialized files (Serialized files now loaded: 0)
System memory in use before: 107.2 MB.
System memory in use after: 107.4 MB.

Unloading 10 unused Assets to reduce memory usage. Loaded Objects now: 3233.
Total: 2.734900 ms (FindLiveObjects: 0.336000 ms CreateObjectMapping: 0.192500 ms MarkObjects: 2.144100 ms  DeleteObjects: 0.060300 ms)

========================================================================
Received Import Request.
  Time since last request: 680.035033 seconds.
  path: Assets/Scripts/KitchinDrawer.cs
  artifactKey: Guid(4960f0db166b89e4ebb988bcfd2b60fe) Importer(815301076,1909f56bfc062723c751e8b465ee728b)
Start importing Assets/Scripts/KitchinDrawer.cs using Guid(4960f0db166b89e4ebb988bcfd2b60fe) Importer(815301076,1909f56bfc062723c751e8b465ee728b)  -> (artifact id: '658010e59b108464b84c694c9d3ab43b') in 0.012247 seconds 
========================================================================
Received Prepare
Registering precompiled user dll's ...
Registered in 0.002467 seconds.
Begin MonoManager ReloadAssembly
Native extension for WindowsStandalone target not found
Refreshing native plugins compatible for Editor in 0.54 ms, found 1 plugins.
Preloading 0 native plugins for Editor in 0.00 ms.
Mono: successfully reloaded assembly
- Completed reload, in  0.768 seconds
Platform modules already initialized, skipping
Refreshing native plugins compatible for Editor in 0.55 ms, found 1 plugins.
Preloading 0 native plugins for Editor in 0.00 ms.
Unloading 2737 Unused Serialized files (Serialized files now loaded: 0)
System memory in use before: 107.2 MB.
System memory in use after: 107.4 MB.

Unloading 10 unused Assets to reduce memory usage. Loaded Objects now: 3237.
Total: 2.466700 ms (FindLiveObjects: 0.310100 ms CreateObjectMapping: 0.156300 ms MarkObjects: 1.933700 ms  DeleteObjects: 0.064400 ms)

========================================================================
Received Prepare
Registering precompiled user dll's ...
Registered in 0.002714 seconds.
Begin MonoManager ReloadAssembly
Native extension for WindowsStandalone target not found
Refreshing native plugins compatible for Editor in 0.58 ms, found 1 plugins.
Preloading 0 native plugins for Editor in 0.00 ms.
Mono: successfully reloaded assembly
- Completed reload, in  0.774 seconds
Platform modules already initialized, skipping
Refreshing native plugins compatible for Editor in 0.53 ms, found 1 plugins.
Preloading 0 native plugins for Editor in 0.00 ms.
Unloading 2737 Unused Serialized files (Serialized files now loaded: 0)
System memory in use before: 107.2 MB.
System memory in use after: 107.4 MB.

Unloading 10 unused Assets to reduce memory usage. Loaded Objects now: 3240.
Total: 2.530100 ms (FindLiveObjects: 0.399800 ms CreateObjectMapping: 0.096500 ms MarkObjects: 1.967300 ms  DeleteObjects: 0.065100 ms)

========================================================================
Received Import Request.
  Time since last request: 507.281852 seconds.
  path: Assets/Scripts/KitchinDrawer.cs
  artifactKey: Guid(4960f0db166b89e4ebb988bcfd2b60fe) Importer(815301076,1909f56bfc062723c751e8b465ee728b)
Start importing Assets/Scripts/KitchinDrawer.cs using Guid(4960f0db166b89e4ebb988bcfd2b60fe) Importer(815301076,1909f56bfc062723c751e8b465ee728b)  -> (artifact id: '43669484fe43ab13a23234a91d0c7711') in 0.006139 seconds 
========================================================================
Received Import Request.
  Time since last request: 10.103046 seconds.
  path: Assets/Scripts/KitchinDrawer.cs
  artifactKey: Guid(4960f0db166b89e4ebb988bcfd2b60fe) Importer(815301076,1909f56bfc062723c751e8b465ee728b)
Start importing Assets/Scripts/KitchinDrawer.cs using Guid(4960f0db166b89e4ebb988bcfd2b60fe) Importer(815301076,1909f56bfc062723c751e8b465ee728b)  -> (artifact id: '59b462c8c501e5e840cbf7a1291a225d') in 0.002850 seconds 
========================================================================
Received Prepare
Registering precompiled user dll's ...
Registered in 0.002455 seconds.
Begin MonoManager ReloadAssembly
Native extension for WindowsStandalone target not found
Refreshing native plugins compatible for Editor in 0.54 ms, found 1 plugins.
Preloading 0 native plugins for Editor in 0.00 ms.
Mono: successfully reloaded assembly
- Completed reload, in  0.753 seconds
Platform modules already initialized, skipping
Refreshing native plugins compatible for Editor in 0.55 ms, found 1 plugins.
Preloading 0 native plugins for Editor in 0.00 ms.
Unloading 2737 Unused Serialized files (Serialized files now loaded: 0)
System memory in use before: 107.2 MB.
System memory in use after: 107.4 MB.

Unloading 10 unused Assets to reduce memory usage. Loaded Objects now: 3243.
Total: 2.491900 ms (FindLiveObjects: 0.274600 ms CreateObjectMapping: 0.073700 ms MarkObjects: 2.068100 ms  DeleteObjects: 0.073700 ms)

========================================================================
Received Import Request.
  Time since last request: 7.261593 seconds.
  path: Assets/Scripts/KitchinDrawer.cs
  artifactKey: Guid(4960f0db166b89e4ebb988bcfd2b60fe) Importer(815301076,1909f56bfc062723c751e8b465ee728b)
Start importing Assets/Scripts/KitchinDrawer.cs using Guid(4960f0db166b89e4ebb988bcfd2b60fe) Importer(815301076,1909f56bfc062723c751e8b465ee728b)  -> (artifact id: '0467c8a3d600d61c8592f2b4831976a8') in 0.007395 seconds 
========================================================================
Received Prepare
Registering precompiled user dll's ...
Registered in 0.002471 seconds.
Begin MonoManager ReloadAssembly
Native extension for WindowsStandalone target not found
Refreshing native plugins compatible for Editor in 0.64 ms, found 1 plugins.
Preloading 0 native plugins for Editor in 0.00 ms.
Mono: successfully reloaded assembly
- Completed reload, in  0.760 seconds
Platform modules already initialized, skipping
Refreshing native plugins compatible for Editor in 0.75 ms, found 1 plugins.
Preloading 0 native plugins for Editor in 0.00 ms.
Unloading 2737 Unused Serialized files (Serialized files now loaded: 0)
System memory in use before: 107.3 MB.
System memory in use after: 107.5 MB.

Unloading 10 unused Assets to reduce memory usage. Loaded Objects now: 3246.
Total: 2.457100 ms (FindLiveObjects: 0.327000 ms CreateObjectMapping: 0.181000 ms MarkObjects: 1.878300 ms  DeleteObjects: 0.069100 ms)

========================================================================
Received Import Request.
  Time since last request: 46.453176 seconds.
  path: Assets/Scripts/ChildKitchinDrawer.cs
  artifactKey: Guid(0bfc21aee9c7e5648b1bd7f8d97f85d4) Importer(815301076,1909f56bfc062723c751e8b465ee728b)
Start importing Assets/Scripts/ChildKitchinDrawer.cs using Guid(0bfc21aee9c7e5648b1bd7f8d97f85d4) Importer(815301076,1909f56bfc062723c751e8b465ee728b)  -> (artifact id: '18c47ce83f9d22282d63560b235fa6cd') in 0.011180 seconds 
========================================================================
Received Prepare
Registering precompiled user dll's ...
Registered in 0.002516 seconds.
Begin MonoManager ReloadAssembly
Native extension for WindowsStandalone target not found
Refreshing native plugins compatible for Editor in 0.55 ms, found 1 plugins.
Preloading 0 native plugins for Editor in 0.00 ms.
Mono: successfully reloaded assembly
- Completed reload, in  0.754 seconds
Platform modules already initialized, skipping
Refreshing native plugins compatible for Editor in 0.61 ms, found 1 plugins.
Preloading 0 native plugins for Editor in 0.00 ms.
Unloading 2738 Unused Serialized files (Serialized files now loaded: 0)
System memory in use before: 107.3 MB.
System memory in use after: 107.5 MB.

Unloading 10 unused Assets to reduce memory usage. Loaded Objects now: 3250.
Total: 3.047300 ms (FindLiveObjects: 0.414500 ms CreateObjectMapping: 0.165000 ms MarkObjects: 2.400000 ms  DeleteObjects: 0.065500 ms)

========================================================================
Received Prepare
Registering precompiled user dll's ...
Registered in 0.002575 seconds.
Begin MonoManager ReloadAssembly
Native extension for WindowsStandalone target not found
Refreshing native plugins compatible for Editor in 0.55 ms, found 1 plugins.
Preloading 0 native plugins for Editor in 0.00 ms.
Mono: successfully reloaded assembly
- Completed reload, in  0.753 seconds
Platform modules already initialized, skipping
Refreshing native plugins compatible for Editor in 0.57 ms, found 1 plugins.
Preloading 0 native plugins for Editor in 0.00 ms.
Unloading 2738 Unused Serialized files (Serialized files now loaded: 0)
System memory in use before: 107.4 MB.
System memory in use after: 107.6 MB.

Unloading 10 unused Assets to reduce memory usage. Loaded Objects now: 3253.
Total: 2.572400 ms (FindLiveObjects: 0.327300 ms CreateObjectMapping: 0.131000 ms MarkObjects: 2.047200 ms  DeleteObjects: 0.065400 ms)

========================================================================
Received Import Request.
  Time since last request: 149.127334 seconds.
  path: Assets/Scripts/ChildKitchinDrawer.cs
  artifactKey: Guid(0bfc21aee9c7e5648b1bd7f8d97f85d4) Importer(815301076,1909f56bfc062723c751e8b465ee728b)
Start importing Assets/Scripts/ChildKitchinDrawer.cs using Guid(0bfc21aee9c7e5648b1bd7f8d97f85d4) Importer(815301076,1909f56bfc062723c751e8b465ee728b)  -> (artifact id: '94c9ae4d9fbd1e621b13dcdc029dca83') in 0.006848 seconds 
========================================================================
Received Prepare
Registering precompiled user dll's ...
Registered in 0.002587 seconds.
Begin MonoManager ReloadAssembly
Native extension for WindowsStandalone target not found
Refreshing native plugins compatible for Editor in 0.60 ms, found 1 plugins.
Preloading 0 native plugins for Editor in 0.00 ms.
Mono: successfully reloaded assembly
- Completed reload, in  0.758 seconds
Platform modules already initialized, skipping
Refreshing native plugins compatible for Editor in 0.58 ms, found 1 plugins.
Preloading 0 native plugins for Editor in 0.00 ms.
Unloading 2738 Unused Serialized files (Serialized files now loaded: 0)
System memory in use before: 107.4 MB.
System memory in use after: 107.6 MB.

Unloading 10 unused Assets to reduce memory usage. Loaded Objects now: 3256.
Total: 3.156100 ms (FindLiveObjects: 0.780900 ms CreateObjectMapping: 0.095900 ms MarkObjects: 2.214200 ms  DeleteObjects: 0.063000 ms)

========================================================================
Received Prepare
Registering precompiled user dll's ...
Registered in 0.002580 seconds.
Begin MonoManager ReloadAssembly
Native extension for WindowsStandalone target not found
Refreshing native plugins compatible for Editor in 0.60 ms, found 1 plugins.
Preloading 0 native plugins for Editor in 0.00 ms.
Mono: successfully reloaded assembly
- Completed reload, in  0.763 seconds
Platform modules already initialized, skipping
Refreshing native plugins compatible for Editor in 0.54 ms, found 1 plugins.
Preloading 0 native plugins for Editor in 0.00 ms.
Unloading 2738 Unused Serialized files (Serialized files now loaded: 0)
System memory in use before: 107.4 MB.
System memory in use after: 107.6 MB.

Unloading 10 unused Assets to reduce memory usage. Loaded Objects now: 3259.
Total: 3.112900 ms (FindLiveObjects: 0.463000 ms CreateObjectMapping: 0.326400 ms MarkObjects: 2.251100 ms  DeleteObjects: 0.070900 ms)

========================================================================
Received Prepare
Registering precompiled user dll's ...
Registered in 0.002563 seconds.
Begin MonoManager ReloadAssembly
Native extension for WindowsStandalone target not found
Refreshing native plugins compatible for Editor in 0.52 ms, found 1 plugins.
Preloading 0 native plugins for Editor in 0.00 ms.
Mono: successfully reloaded assembly
- Completed reload, in  0.769 seconds
Platform modules already initialized, skipping
Refreshing native plugins compatible for Editor in 0.51 ms, found 1 plugins.
Preloading 0 native plugins for Editor in 0.00 ms.
Unloading 2738 Unused Serialized files (Serialized files now loaded: 0)
System memory in use before: 107.4 MB.
System memory in use after: 107.6 MB.

Unloading 10 unused Assets to reduce memory usage. Loaded Objects now: 3262.
Total: 2.520100 ms (FindLiveObjects: 0.307700 ms CreateObjectMapping: 0.128300 ms MarkObjects: 2.022900 ms  DeleteObjects: 0.059500 ms)

========================================================================
Received Import Request.
  Time since last request: 487.635491 seconds.
  path: Assets/Scenes/Darkness.unity
  artifactKey: Guid(a55b25866cf031a4c9c2a7a2fd950cb4) Importer(815301076,1909f56bfc062723c751e8b465ee728b)
Start importing Assets/Scenes/Darkness.unity using Guid(a55b25866cf031a4c9c2a7a2fd950cb4) Importer(815301076,1909f56bfc062723c751e8b465ee728b)  -> (artifact id: 'b8410aa61a2e0a1e6a9cf50b5f2adcdb') in 0.018522 seconds 
========================================================================
Received Prepare
Registering precompiled user dll's ...
Registered in 0.002510 seconds.
Begin MonoManager ReloadAssembly
Native extension for WindowsStandalone target not found
Refreshing native plugins compatible for Editor in 0.54 ms, found 1 plugins.
Preloading 0 native plugins for Editor in 0.00 ms.
Mono: successfully reloaded assembly
- Completed reload, in  0.744 seconds
Platform modules already initialized, skipping
Refreshing native plugins compatible for Editor in 0.58 ms, found 1 plugins.
Preloading 0 native plugins for Editor in 0.00 ms.
Unloading 2738 Unused Serialized files (Serialized files now loaded: 0)
System memory in use before: 107.4 MB.
System memory in use after: 107.6 MB.

Unloading 10 unused Assets to reduce memory usage. Loaded Objects now: 3265.
Total: 2.581500 ms (FindLiveObjects: 0.455900 ms CreateObjectMapping: 0.134600 ms MarkObjects: 1.926000 ms  DeleteObjects: 0.063300 ms)

========================================================================
Received Import Request.
  Time since last request: 301.273366 seconds.
  path: Assets/Scenes/Darkness.unity
  artifactKey: Guid(a55b25866cf031a4c9c2a7a2fd950cb4) Importer(815301076,1909f56bfc062723c751e8b465ee728b)
Start importing Assets/Scenes/Darkness.unity using Guid(a55b25866cf031a4c9c2a7a2fd950cb4) Importer(815301076,1909f56bfc062723c751e8b465ee728b)  -> (artifact id: 'e5ea27f6947d269ee54371840ebc8b52') in 0.011904 seconds 
========================================================================
Received Import Request.
  Time since last request: 282.206416 seconds.
  path: Assets/Scenes/Darkness.unity
  artifactKey: Guid(a55b25866cf031a4c9c2a7a2fd950cb4) Importer(815301076,1909f56bfc062723c751e8b465ee728b)
Start importing Assets/Scenes/Darkness.unity using Guid(a55b25866cf031a4c9c2a7a2fd950cb4) Importer(815301076,1909f56bfc062723c751e8b465ee728b)  -> (artifact id: 'd9eb12eb5c244b50389bfa7ffd534097') in 0.003107 seconds 
========================================================================
Received Prepare
Registering precompiled user dll's ...
Registered in 0.002516 seconds.
Begin MonoManager ReloadAssembly
Native extension for WindowsStandalone target not found
Refreshing native plugins compatible for Editor in 0.54 ms, found 1 plugins.
Preloading 0 native plugins for Editor in 0.00 ms.
Mono: successfully reloaded assembly
- Completed reload, in  0.775 seconds
Platform modules already initialized, skipping
Refreshing native plugins compatible for Editor in 0.53 ms, found 1 plugins.
Preloading 0 native plugins for Editor in 0.00 ms.
Unloading 2738 Unused Serialized files (Serialized files now loaded: 0)
System memory in use before: 107.4 MB.
System memory in use after: 107.6 MB.

Unloading 10 unused Assets to reduce memory usage. Loaded Objects now: 3268.
Total: 2.305700 ms (FindLiveObjects: 0.265200 ms CreateObjectMapping: 0.070000 ms MarkObjects: 1.902200 ms  DeleteObjects: 0.066700 ms)

========================================================================
Received Prepare
Registering precompiled user dll's ...
Registered in 0.002402 seconds.
Begin MonoManager ReloadAssembly
Native extension for WindowsStandalone target not found
Refreshing native plugins compatible for Editor in 0.60 ms, found 1 plugins.
Preloading 0 native plugins for Editor in 0.00 ms.
Mono: successfully reloaded assembly
- Completed reload, in  0.770 seconds
Platform modules already initialized, skipping
Refreshing native plugins compatible for Editor in 0.79 ms, found 1 plugins.
Preloading 0 native plugins for Editor in 0.00 ms.
Unloading 2738 Unused Serialized files (Serialized files now loaded: 0)
System memory in use before: 107.4 MB.
System memory in use after: 107.6 MB.

Unloading 10 unused Assets to reduce memory usage. Loaded Objects now: 3271.
Total: 2.877300 ms (FindLiveObjects: 0.310600 ms CreateObjectMapping: 0.131600 ms MarkObjects: 2.367300 ms  DeleteObjects: 0.065500 ms)

========================================================================
Received Import Request.
  Time since last request: 997.495682 seconds.
  path: Assets/Scenes/Darkness.unity
  artifactKey: Guid(a55b25866cf031a4c9c2a7a2fd950cb4) Importer(815301076,1909f56bfc062723c751e8b465ee728b)
Start importing Assets/Scenes/Darkness.unity using Guid(a55b25866cf031a4c9c2a7a2fd950cb4) Importer(815301076,1909f56bfc062723c751e8b465ee728b)  -> (artifact id: '110155d79de23d82e02668d20ef7f4e2') in 0.012846 seconds 
========================================================================
Received Prepare
Registering precompiled user dll's ...
Registered in 0.002521 seconds.
Begin MonoManager ReloadAssembly
Native extension for WindowsStandalone target not found
Refreshing native plugins compatible for Editor in 0.53 ms, found 1 plugins.
Preloading 0 native plugins for Editor in 0.00 ms.
Mono: successfully reloaded assembly
- Completed reload, in  0.747 seconds
Platform modules already initialized, skipping
Refreshing native plugins compatible for Editor in 0.56 ms, found 1 plugins.
Preloading 0 native plugins for Editor in 0.00 ms.
Unloading 2738 Unused Serialized files (Serialized files now loaded: 0)
System memory in use before: 107.4 MB.
System memory in use after: 107.6 MB.

Unloading 10 unused Assets to reduce memory usage. Loaded Objects now: 3274.
Total: 2.779700 ms (FindLiveObjects: 0.287700 ms CreateObjectMapping: 0.065300 ms MarkObjects: 2.365500 ms  DeleteObjects: 0.059800 ms)

========================================================================
Received Import Request.
  Time since last request: 261.901860 seconds.
  path: Assets/Scenes/Darkness.unity
  artifactKey: Guid(a55b25866cf031a4c9c2a7a2fd950cb4) Importer(815301076,1909f56bfc062723c751e8b465ee728b)
Start importing Assets/Scenes/Darkness.unity using Guid(a55b25866cf031a4c9c2a7a2fd950cb4) Importer(815301076,1909f56bfc062723c751e8b465ee728b)  -> (artifact id: '7ea4c49820c55abffc3b2ae2b24e7acb') in 0.013428 seconds 
========================================================================
Received Prepare
Registering precompiled user dll's ...
Registered in 0.002727 seconds.
Begin MonoManager ReloadAssembly
Native extension for WindowsStandalone target not found
Refreshing native plugins compatible for Editor in 0.57 ms, found 1 plugins.
Preloading 0 native plugins for Editor in 0.00 ms.
Mono: successfully reloaded assembly
- Completed reload, in  0.806 seconds
Platform modules already initialized, skipping
Refreshing native plugins compatible for Editor in 0.53 ms, found 1 plugins.
Preloading 0 native plugins for Editor in 0.00 ms.
Unloading 2738 Unused Serialized files (Serialized files now loaded: 0)
System memory in use before: 107.4 MB.
System memory in use after: 107.6 MB.

Unloading 10 unused Assets to reduce memory usage. Loaded Objects now: 3277.
Total: 3.429700 ms (FindLiveObjects: 0.454100 ms CreateObjectMapping: 0.122100 ms MarkObjects: 2.787600 ms  DeleteObjects: 0.063500 ms)

========================================================================
Received Prepare
Registering precompiled user dll's ...
Registered in 0.002410 seconds.
Begin MonoManager ReloadAssembly
Native extension for WindowsStandalone target not found
Refreshing native plugins compatible for Editor in 0.60 ms, found 1 plugins.
Preloading 0 native plugins for Editor in 0.00 ms.
Mono: successfully reloaded assembly
- Completed reload, in  0.762 seconds
Platform modules already initialized, skipping
Refreshing native plugins compatible for Editor in 0.53 ms, found 1 plugins.
Preloading 0 native plugins for Editor in 0.00 ms.
Unloading 2739 Unused Serialized files (Serialized files now loaded: 0)
System memory in use before: 107.5 MB.
System memory in use after: 107.7 MB.

Unloading 10 unused Assets to reduce memory usage. Loaded Objects now: 3281.
Total: 2.395200 ms (FindLiveObjects: 0.402100 ms CreateObjectMapping: 0.186300 ms MarkObjects: 1.745200 ms  DeleteObjects: 0.059800 ms)

========================================================================
Received Prepare
Registering precompiled user dll's ...
Registered in 0.002603 seconds.
Begin MonoManager ReloadAssembly
Native extension for WindowsStandalone target not found
Refreshing native plugins compatible for Editor in 0.57 ms, found 1 plugins.
Preloading 0 native plugins for Editor in 0.00 ms.
Mono: successfully reloaded assembly
- Completed reload, in  0.799 seconds
Platform modules already initialized, skipping
Refreshing native plugins compatible for Editor in 0.55 ms, found 1 plugins.
Preloading 0 native plugins for Editor in 0.00 ms.
Unloading 2739 Unused Serialized files (Serialized files now loaded: 0)
System memory in use before: 107.5 MB.
System memory in use after: 107.7 MB.

Unloading 10 unused Assets to reduce memory usage. Loaded Objects now: 3284.
Total: 2.764800 ms (FindLiveObjects: 0.506800 ms CreateObjectMapping: 0.206500 ms MarkObjects: 1.979300 ms  DeleteObjects: 0.070100 ms)

========================================================================
Received Prepare
Registering precompiled user dll's ...
Registered in 0.002635 seconds.
Begin MonoManager ReloadAssembly
Native extension for WindowsStandalone target not found
Refreshing native plugins compatible for Editor in 0.58 ms, found 1 plugins.
Preloading 0 native plugins for Editor in 0.00 ms.
Mono: successfully reloaded assembly
- Completed reload, in  0.885 seconds
Platform modules already initialized, skipping
Refreshing native plugins compatible for Editor in 0.58 ms, found 1 plugins.
Preloading 0 native plugins for Editor in 0.00 ms.
Unloading 2739 Unused Serialized files (Serialized files now loaded: 0)
System memory in use before: 107.5 MB.
System memory in use after: 107.7 MB.

Unloading 10 unused Assets to reduce memory usage. Loaded Objects now: 3287.
Total: 2.402000 ms (FindLiveObjects: 0.268400 ms CreateObjectMapping: 0.071800 ms MarkObjects: 1.984600 ms  DeleteObjects: 0.075700 ms)

========================================================================
Received Prepare
Registering precompiled user dll's ...
Registered in 0.002549 seconds.
Begin MonoManager ReloadAssembly
Native extension for WindowsStandalone target not found
Refreshing native plugins compatible for Editor in 0.59 ms, found 1 plugins.
Preloading 0 native plugins for Editor in 0.00 ms.
Mono: successfully reloaded assembly
- Completed reload, in  0.782 seconds
Platform modules already initialized, skipping
Refreshing native plugins compatible for Editor in 0.54 ms, found 1 plugins.
Preloading 0 native plugins for Editor in 0.00 ms.
Unloading 2739 Unused Serialized files (Serialized files now loaded: 0)
System memory in use before: 107.5 MB.
System memory in use after: 107.7 MB.

Unloading 10 unused Assets to reduce memory usage. Loaded Objects now: 3290.
Total: 2.293200 ms (FindLiveObjects: 0.322200 ms CreateObjectMapping: 0.073700 ms MarkObjects: 1.827600 ms  DeleteObjects: 0.068200 ms)

========================================================================
Received Prepare
Registering precompiled user dll's ...
Registered in 0.002528 seconds.
Begin MonoManager ReloadAssembly
Native extension for WindowsStandalone target not found
Refreshing native plugins compatible for Editor in 0.53 ms, found 1 plugins.
Preloading 0 native plugins for Editor in 0.00 ms.
Mono: successfully reloaded assembly
- Completed reload, in  0.768 seconds
Platform modules already initialized, skipping
Refreshing native plugins compatible for Editor in 0.52 ms, found 1 plugins.
Preloading 0 native plugins for Editor in 0.00 ms.
Unloading 2739 Unused Serialized files (Serialized files now loaded: 0)
System memory in use before: 107.5 MB.
System memory in use after: 107.7 MB.

Unloading 10 unused Assets to reduce memory usage. Loaded Objects now: 3293.
Total: 3.058200 ms (FindLiveObjects: 0.392300 ms CreateObjectMapping: 0.114300 ms MarkObjects: 2.481800 ms  DeleteObjects: 0.067800 ms)

========================================================================
Received Prepare
Registering precompiled user dll's ...
Registered in 0.002461 seconds.
Begin MonoManager ReloadAssembly
Native extension for WindowsStandalone target not found
Refreshing native plugins compatible for Editor in 0.61 ms, found 1 plugins.
Preloading 0 native plugins for Editor in 0.00 ms.
Mono: successfully reloaded assembly
- Completed reload, in  0.754 seconds
Platform modules already initialized, skipping
Refreshing native plugins compatible for Editor in 0.62 ms, found 1 plugins.
Preloading 0 native plugins for Editor in 0.00 ms.
Unloading 2739 Unused Serialized files (Serialized files now loaded: 0)
System memory in use before: 107.5 MB.
System memory in use after: 107.7 MB.

Unloading 10 unused Assets to reduce memory usage. Loaded Objects now: 3296.
Total: 2.128500 ms (FindLiveObjects: 0.322800 ms CreateObjectMapping: 0.131500 ms MarkObjects: 1.607900 ms  DeleteObjects: 0.064900 ms)

========================================================================
Received Prepare
Registering precompiled user dll's ...
Registered in 0.002438 seconds.
Begin MonoManager ReloadAssembly
Native extension for WindowsStandalone target not found
Refreshing native plugins compatible for Editor in 0.53 ms, found 1 plugins.
Preloading 0 native plugins for Editor in 0.00 ms.
Mono: successfully reloaded assembly
- Completed reload, in  0.760 seconds
Platform modules already initialized, skipping
Refreshing native plugins compatible for Editor in 0.54 ms, found 1 plugins.
Preloading 0 native plugins for Editor in 0.00 ms.
Unloading 2739 Unused Serialized files (Serialized files now loaded: 0)
System memory in use before: 107.5 MB.
System memory in use after: 107.7 MB.

Unloading 10 unused Assets to reduce memory usage. Loaded Objects now: 3299.
Total: 2.951400 ms (FindLiveObjects: 0.279400 ms CreateObjectMapping: 0.072700 ms MarkObjects: 2.536900 ms  DeleteObjects: 0.060800 ms)

========================================================================
Received Prepare
Registering precompiled user dll's ...
Registered in 0.002527 seconds.
Begin MonoManager ReloadAssembly
Native extension for WindowsStandalone target not found
Refreshing native plugins compatible for Editor in 0.52 ms, found 1 plugins.
Preloading 0 native plugins for Editor in 0.00 ms.
Mono: successfully reloaded assembly
- Completed reload, in  0.760 seconds
Platform modules already initialized, skipping
Refreshing native plugins compatible for Editor in 0.67 ms, found 1 plugins.
Preloading 0 native plugins for Editor in 0.00 ms.
Unloading 2739 Unused Serialized files (Serialized files now loaded: 0)
System memory in use before: 107.5 MB.
System memory in use after: 107.7 MB.

Unloading 10 unused Assets to reduce memory usage. Loaded Objects now: 3302.
Total: 2.232700 ms (FindLiveObjects: 0.273200 ms CreateObjectMapping: 0.070900 ms MarkObjects: 1.828400 ms  DeleteObjects: 0.058800 ms)

========================================================================
Received Prepare
Registering precompiled user dll's ...
Registered in 0.002561 seconds.
Begin MonoManager ReloadAssembly
Native extension for WindowsStandalone target not found
Refreshing native plugins compatible for Editor in 0.59 ms, found 1 plugins.
Preloading 0 native plugins for Editor in 0.00 ms.
Mono: successfully reloaded assembly
- Completed reload, in  0.758 seconds
Platform modules already initialized, skipping
Refreshing native plugins compatible for Editor in 0.58 ms, found 1 plugins.
Preloading 0 native plugins for Editor in 0.00 ms.
Unloading 2739 Unused Serialized files (Serialized files now loaded: 0)
System memory in use before: 107.5 MB.
System memory in use after: 107.7 MB.

Unloading 10 unused Assets to reduce memory usage. Loaded Objects now: 3305.
Total: 2.573300 ms (FindLiveObjects: 0.364800 ms CreateObjectMapping: 0.139600 ms MarkObjects: 2.004900 ms  DeleteObjects: 0.063200 ms)

========================================================================
Received Import Request.
  Time since last request: 6772.538146 seconds.
  path: Assets/Scenes/Darkness.unity
  artifactKey: Guid(a55b25866cf031a4c9c2a7a2fd950cb4) Importer(815301076,1909f56bfc062723c751e8b465ee728b)
Start importing Assets/Scenes/Darkness.unity using Guid(a55b25866cf031a4c9c2a7a2fd950cb4) Importer(815301076,1909f56bfc062723c751e8b465ee728b)  -> (artifact id: 'f7b87c65ca2537fbf57cbb31e63fa4a6') in 0.015920 seconds 
========================================================================
Received Prepare
Registering precompiled user dll's ...
Registered in 0.002444 seconds.
Begin MonoManager ReloadAssembly
Native extension for WindowsStandalone target not found
Refreshing native plugins compatible for Editor in 0.53 ms, found 1 plugins.
Preloading 0 native plugins for Editor in 0.00 ms.
Mono: successfully reloaded assembly
- Completed reload, in  0.753 seconds
Platform modules already initialized, skipping
Refreshing native plugins compatible for Editor in 0.63 ms, found 1 plugins.
Preloading 0 native plugins for Editor in 0.00 ms.
Unloading 2739 Unused Serialized files (Serialized files now loaded: 0)
System memory in use before: 107.6 MB.
System memory in use after: 107.8 MB.

Unloading 10 unused Assets to reduce memory usage. Loaded Objects now: 3308.
Total: 3.835400 ms (FindLiveObjects: 0.668300 ms CreateObjectMapping: 0.079500 ms MarkObjects: 2.917700 ms  DeleteObjects: 0.167000 ms)

========================================================================
Received Prepare
Registering precompiled user dll's ...
Registered in 0.002524 seconds.
Begin MonoManager ReloadAssembly
Native extension for WindowsStandalone target not found
Refreshing native plugins compatible for Editor in 0.54 ms, found 1 plugins.
Preloading 0 native plugins for Editor in 0.00 ms.
Mono: successfully reloaded assembly
- Completed reload, in  0.792 seconds
Platform modules already initialized, skipping
Refreshing native plugins compatible for Editor in 0.54 ms, found 1 plugins.
Preloading 0 native plugins for Editor in 0.00 ms.
Unloading 2739 Unused Serialized files (Serialized files now loaded: 0)
System memory in use before: 107.6 MB.
System memory in use after: 107.8 MB.

Unloading 10 unused Assets to reduce memory usage. Loaded Objects now: 3311.
Total: 2.071500 ms (FindLiveObjects: 0.248100 ms CreateObjectMapping: 0.067000 ms MarkObjects: 1.698200 ms  DeleteObjects: 0.057100 ms)

========================================================================
Received Prepare
Registering precompiled user dll's ...
Registered in 0.002446 seconds.
Begin MonoManager ReloadAssembly
Native extension for WindowsStandalone target not found
Refreshing native plugins compatible for Editor in 0.76 ms, found 1 plugins.
Preloading 0 native plugins for Editor in 0.00 ms.
Mono: successfully reloaded assembly
- Completed reload, in  0.751 seconds
Platform modules already initialized, skipping
Refreshing native plugins compatible for Editor in 0.53 ms, found 1 plugins.
Preloading 0 native plugins for Editor in 0.00 ms.
Unloading 2739 Unused Serialized files (Serialized files now loaded: 0)
System memory in use before: 107.6 MB.
System memory in use after: 107.8 MB.

Unloading 10 unused Assets to reduce memory usage. Loaded Objects now: 3314.
Total: 2.552200 ms (FindLiveObjects: 0.350900 ms CreateObjectMapping: 0.072200 ms MarkObjects: 2.064300 ms  DeleteObjects: 0.062700 ms)

========================================================================
Received Prepare
Registering precompiled user dll's ...
Registered in 0.002449 seconds.
Begin MonoManager ReloadAssembly
Native extension for WindowsStandalone target not found
Refreshing native plugins compatible for Editor in 0.54 ms, found 1 plugins.
Preloading 0 native plugins for Editor in 0.00 ms.
Mono: successfully reloaded assembly
- Completed reload, in  0.757 seconds
Platform modules already initialized, skipping
Refreshing native plugins compatible for Editor in 0.52 ms, found 1 plugins.
Preloading 0 native plugins for Editor in 0.00 ms.
Unloading 2739 Unused Serialized files (Serialized files now loaded: 0)
System memory in use before: 107.6 MB.
System memory in use after: 107.8 MB.

Unloading 10 unused Assets to reduce memory usage. Loaded Objects now: 3317.
Total: 2.480500 ms (FindLiveObjects: 0.342500 ms CreateObjectMapping: 0.135000 ms MarkObjects: 1.938000 ms  DeleteObjects: 0.063800 ms)

========================================================================
Received Prepare
Registering precompiled user dll's ...
Registered in 0.002470 seconds.
Begin MonoManager ReloadAssembly
Native extension for WindowsStandalone target not found
Refreshing native plugins compatible for Editor in 0.52 ms, found 1 plugins.
Preloading 0 native plugins for Editor in 0.00 ms.
Mono: successfully reloaded assembly
- Completed reload, in  0.776 seconds
Platform modules already initialized, skipping
Refreshing native plugins compatible for Editor in 0.56 ms, found 1 plugins.
Preloading 0 native plugins for Editor in 0.00 ms.
Unloading 2739 Unused Serialized files (Serialized files now loaded: 0)
System memory in use before: 107.6 MB.
System memory in use after: 107.8 MB.

Unloading 10 unused Assets to reduce memory usage. Loaded Objects now: 3320.
Total: 2.329700 ms (FindLiveObjects: 0.316600 ms CreateObjectMapping: 0.127600 ms MarkObjects: 1.822200 ms  DeleteObjects: 0.061100 ms)

========================================================================
Received Prepare
Registering precompiled user dll's ...
Registered in 0.002600 seconds.
Begin MonoManager ReloadAssembly
Native extension for WindowsStandalone target not found
Refreshing native plugins compatible for Editor in 0.52 ms, found 1 plugins.
Preloading 0 native plugins for Editor in 0.00 ms.
Mono: successfully reloaded assembly
- Completed reload, in  0.756 seconds
Platform modules already initialized, skipping
Refreshing native plugins compatible for Editor in 0.52 ms, found 1 plugins.
Preloading 0 native plugins for Editor in 0.00 ms.
Unloading 2739 Unused Serialized files (Serialized files now loaded: 0)
System memory in use before: 107.6 MB.
System memory in use after: 107.8 MB.

Unloading 10 unused Assets to reduce memory usage. Loaded Objects now: 3323.
Total: 2.332700 ms (FindLiveObjects: 0.345400 ms CreateObjectMapping: 0.138700 ms MarkObjects: 1.783100 ms  DeleteObjects: 0.064000 ms)

========================================================================
Received Prepare
Registering precompiled user dll's ...
Registered in 0.002789 seconds.
Begin MonoManager ReloadAssembly
Native extension for WindowsStandalone target not found
Refreshing native plugins compatible for Editor in 0.70 ms, found 1 plugins.
Preloading 0 native plugins for Editor in 0.00 ms.
Mono: successfully reloaded assembly
- Completed reload, in  0.791 seconds
Platform modules already initialized, skipping
Refreshing native plugins compatible for Editor in 0.54 ms, found 1 plugins.
Preloading 0 native plugins for Editor in 0.00 ms.
Unloading 2739 Unused Serialized files (Serialized files now loaded: 0)
System memory in use before: 107.6 MB.
System memory in use after: 107.8 MB.

Unloading 10 unused Assets to reduce memory usage. Loaded Objects now: 3326.
Total: 2.998300 ms (FindLiveObjects: 0.408800 ms CreateObjectMapping: 0.078700 ms MarkObjects: 2.450100 ms  DeleteObjects: 0.059200 ms)

========================================================================
Received Prepare
Registering precompiled user dll's ...
Registered in 0.002420 seconds.
Begin MonoManager ReloadAssembly
Native extension for WindowsStandalone target not found
Refreshing native plugins compatible for Editor in 0.53 ms, found 1 plugins.
Preloading 0 native plugins for Editor in 0.00 ms.
Mono: successfully reloaded assembly
- Completed reload, in  0.766 seconds
Platform modules already initialized, skipping
Refreshing native plugins compatible for Editor in 0.53 ms, found 1 plugins.
Preloading 0 native plugins for Editor in 0.00 ms.
Unloading 2739 Unused Serialized files (Serialized files now loaded: 0)
System memory in use before: 107.6 MB.
System memory in use after: 107.8 MB.

Unloading 10 unused Assets to reduce memory usage. Loaded Objects now: 3329.
Total: 3.065100 ms (FindLiveObjects: 0.360500 ms CreateObjectMapping: 0.300900 ms MarkObjects: 2.343400 ms  DeleteObjects: 0.059000 ms)

========================================================================
Received Prepare
Registering precompiled user dll's ...
Registered in 0.002459 seconds.
Begin MonoManager ReloadAssembly
Native extension for WindowsStandalone target not found
Refreshing native plugins compatible for Editor in 0.58 ms, found 1 plugins.
Preloading 0 native plugins for Editor in 0.00 ms.
Mono: successfully reloaded assembly
- Completed reload, in  0.770 seconds
Platform modules already initialized, skipping
Refreshing native plugins compatible for Editor in 0.54 ms, found 1 plugins.
Preloading 0 native plugins for Editor in 0.00 ms.
Unloading 2740 Unused Serialized files (Serialized files now loaded: 0)
System memory in use before: 107.6 MB.
System memory in use after: 107.8 MB.

Unloading 10 unused Assets to reduce memory usage. Loaded Objects now: 3333.
Total: 2.499800 ms (FindLiveObjects: 0.364800 ms CreateObjectMapping: 0.146300 ms MarkObjects: 1.923600 ms  DeleteObjects: 0.063200 ms)

========================================================================
Received Prepare
Registering precompiled user dll's ...
Registered in 0.020960 seconds.
Begin MonoManager ReloadAssembly
Native extension for WindowsStandalone target not found
Refreshing native plugins compatible for Editor in 0.52 ms, found 1 plugins.
Preloading 0 native plugins for Editor in 0.00 ms.
Mono: successfully reloaded assembly
- Completed reload, in  0.883 seconds
Platform modules already initialized, skipping
Refreshing native plugins compatible for Editor in 0.78 ms, found 1 plugins.
Preloading 0 native plugins for Editor in 0.00 ms.
Unloading 2740 Unused Serialized files (Serialized files now loaded: 0)
System memory in use before: 107.6 MB.
System memory in use after: 107.8 MB.

Unloading 10 unused Assets to reduce memory usage. Loaded Objects now: 3336.
Total: 2.235700 ms (FindLiveObjects: 0.303000 ms CreateObjectMapping: 0.079900 ms MarkObjects: 1.786900 ms  DeleteObjects: 0.064600 ms)

========================================================================
Received Prepare
Registering precompiled user dll's ...
Registered in 0.002538 seconds.
Begin MonoManager ReloadAssembly
Native extension for WindowsStandalone target not found
Refreshing native plugins compatible for Editor in 0.53 ms, found 1 plugins.
Preloading 0 native plugins for Editor in 0.00 ms.
Mono: successfully reloaded assembly
- Completed reload, in  0.760 seconds
Platform modules already initialized, skipping
Refreshing native plugins compatible for Editor in 0.64 ms, found 1 plugins.
Preloading 0 native plugins for Editor in 0.00 ms.
Unloading 2740 Unused Serialized files (Serialized files now loaded: 0)
System memory in use before: 107.6 MB.
System memory in use after: 107.8 MB.

Unloading 10 unused Assets to reduce memory usage. Loaded Objects now: 3339.
Total: 2.636100 ms (FindLiveObjects: 0.257400 ms CreateObjectMapping: 0.096000 ms MarkObjects: 2.217300 ms  DeleteObjects: 0.064000 ms)

========================================================================
Received Prepare
Registering precompiled user dll's ...
Registered in 0.003193 seconds.
Begin MonoManager ReloadAssembly
Native extension for WindowsStandalone target not found
Refreshing native plugins compatible for Editor in 0.63 ms, found 1 plugins.
Preloading 0 native plugins for Editor in 0.00 ms.
Mono: successfully reloaded assembly
- Completed reload, in  0.781 seconds
Platform modules already initialized, skipping
Refreshing native plugins compatible for Editor in 0.66 ms, found 1 plugins.
Preloading 0 native plugins for Editor in 0.00 ms.
Unloading 2740 Unused Serialized files (Serialized files now loaded: 0)
System memory in use before: 107.7 MB.
System memory in use after: 107.9 MB.

Unloading 10 unused Assets to reduce memory usage. Loaded Objects now: 3342.
Total: 2.834300 ms (FindLiveObjects: 0.291100 ms CreateObjectMapping: 0.135700 ms MarkObjects: 2.327900 ms  DeleteObjects: 0.078300 ms)

========================================================================
Received Prepare
Registering precompiled user dll's ...
Registered in 0.002466 seconds.
Begin MonoManager ReloadAssembly
Native extension for WindowsStandalone target not found
Refreshing native plugins compatible for Editor in 0.56 ms, found 1 plugins.
Preloading 0 native plugins for Editor in 0.00 ms.
Mono: successfully reloaded assembly
- Completed reload, in  0.773 seconds
Platform modules already initialized, skipping
Refreshing native plugins compatible for Editor in 0.57 ms, found 1 plugins.
Preloading 0 native plugins for Editor in 0.00 ms.
Unloading 2740 Unused Serialized files (Serialized files now loaded: 0)
System memory in use before: 107.7 MB.
System memory in use after: 107.9 MB.

Unloading 10 unused Assets to reduce memory usage. Loaded Objects now: 3345.
Total: 2.459000 ms (FindLiveObjects: 0.338900 ms CreateObjectMapping: 0.094200 ms MarkObjects: 1.963600 ms  DeleteObjects: 0.061100 ms)

========================================================================
Received Prepare
Registering precompiled user dll's ...
Registered in 0.003075 seconds.
Begin MonoManager ReloadAssembly
Native extension for WindowsStandalone target not found
Refreshing native plugins compatible for Editor in 0.57 ms, found 1 plugins.
Preloading 0 native plugins for Editor in 0.00 ms.
Mono: successfully reloaded assembly
- Completed reload, in  0.800 seconds
Platform modules already initialized, skipping
Refreshing native plugins compatible for Editor in 0.53 ms, found 1 plugins.
Preloading 0 native plugins for Editor in 0.00 ms.
Unloading 2740 Unused Serialized files (Serialized files now loaded: 0)
System memory in use before: 107.7 MB.
System memory in use after: 107.9 MB.

Unloading 10 unused Assets to reduce memory usage. Loaded Objects now: 3348.
Total: 4.067900 ms (FindLiveObjects: 0.548000 ms CreateObjectMapping: 0.274100 ms MarkObjects: 3.161700 ms  DeleteObjects: 0.082000 ms)

========================================================================
Received Prepare
Registering precompiled user dll's ...
Registered in 0.002457 seconds.
Begin MonoManager ReloadAssembly
Native extension for WindowsStandalone target not found
Refreshing native plugins compatible for Editor in 0.59 ms, found 1 plugins.
Preloading 0 native plugins for Editor in 0.00 ms.
Mono: successfully reloaded assembly
- Completed reload, in  0.770 seconds
Platform modules already initialized, skipping
Refreshing native plugins compatible for Editor in 0.79 ms, found 1 plugins.
Preloading 0 native plugins for Editor in 0.00 ms.
Unloading 2740 Unused Serialized files (Serialized files now loaded: 0)
System memory in use before: 107.7 MB.
System memory in use after: 107.9 MB.

Unloading 10 unused Assets to reduce memory usage. Loaded Objects now: 3351.
Total: 3.555500 ms (FindLiveObjects: 0.390300 ms CreateObjectMapping: 0.146700 ms MarkObjects: 2.954200 ms  DeleteObjects: 0.062800 ms)

========================================================================
Received Prepare
Registering precompiled user dll's ...
Registered in 0.002916 seconds.
Begin MonoManager ReloadAssembly
Native extension for WindowsStandalone target not found
Refreshing native plugins compatible for Editor in 0.55 ms, found 1 plugins.
Preloading 0 native plugins for Editor in 0.00 ms.
Mono: successfully reloaded assembly
- Completed reload, in  0.749 seconds
Platform modules already initialized, skipping
Refreshing native plugins compatible for Editor in 0.52 ms, found 1 plugins.
Preloading 0 native plugins for Editor in 0.00 ms.
Unloading 2740 Unused Serialized files (Serialized files now loaded: 0)
System memory in use before: 107.7 MB.
System memory in use after: 107.9 MB.

Unloading 10 unused Assets to reduce memory usage. Loaded Objects now: 3354.
Total: 2.413400 ms (FindLiveObjects: 0.322500 ms CreateObjectMapping: 0.079300 ms MarkObjects: 1.943800 ms  DeleteObjects: 0.066600 ms)

========================================================================
Received Prepare
Registering precompiled user dll's ...
Registered in 0.002371 seconds.
Begin MonoManager ReloadAssembly
Native extension for WindowsStandalone target not found
Refreshing native plugins compatible for Editor in 0.57 ms, found 1 plugins.
Preloading 0 native plugins for Editor in 0.00 ms.
Mono: successfully reloaded assembly
- Completed reload, in  0.762 seconds
Platform modules already initialized, skipping
Refreshing native plugins compatible for Editor in 0.64 ms, found 1 plugins.
Preloading 0 native plugins for Editor in 0.00 ms.
Unloading 2740 Unused Serialized files (Serialized files now loaded: 0)
System memory in use before: 107.7 MB.
System memory in use after: 107.9 MB.

Unloading 10 unused Assets to reduce memory usage. Loaded Objects now: 3357.
Total: 2.529800 ms (FindLiveObjects: 0.555200 ms CreateObjectMapping: 0.130800 ms MarkObjects: 1.770600 ms  DeleteObjects: 0.071400 ms)

========================================================================
Received Prepare
Registering precompiled user dll's ...
Registered in 0.002387 seconds.
Begin MonoManager ReloadAssembly
Native extension for WindowsStandalone target not found
Refreshing native plugins compatible for Editor in 0.54 ms, found 1 plugins.
Preloading 0 native plugins for Editor in 0.00 ms.
Mono: successfully reloaded assembly
- Completed reload, in  0.777 seconds
Platform modules already initialized, skipping
Refreshing native plugins compatible for Editor in 0.58 ms, found 1 plugins.
Preloading 0 native plugins for Editor in 0.00 ms.
Unloading 2740 Unused Serialized files (Serialized files now loaded: 0)
System memory in use before: 107.7 MB.
System memory in use after: 107.9 MB.

Unloading 10 unused Assets to reduce memory usage. Loaded Objects now: 3360.
Total: 2.577500 ms (FindLiveObjects: 0.428500 ms CreateObjectMapping: 0.079000 ms MarkObjects: 1.998400 ms  DeleteObjects: 0.070000 ms)

========================================================================
Received Prepare
Registering precompiled user dll's ...
Registered in 0.002598 seconds.
Begin MonoManager ReloadAssembly
Native extension for WindowsStandalone target not found
Refreshing native plugins compatible for Editor in 0.57 ms, found 1 plugins.
Preloading 0 native plugins for Editor in 0.00 ms.
Mono: successfully reloaded assembly
- Completed reload, in  0.777 seconds
Platform modules already initialized, skipping
Refreshing native plugins compatible for Editor in 0.55 ms, found 1 plugins.
Preloading 0 native plugins for Editor in 0.00 ms.
Unloading 2740 Unused Serialized files (Serialized files now loaded: 0)
System memory in use before: 107.7 MB.
System memory in use after: 107.9 MB.

Unloading 10 unused Assets to reduce memory usage. Loaded Objects now: 3363.
Total: 2.538000 ms (FindLiveObjects: 0.330300 ms CreateObjectMapping: 0.131300 ms MarkObjects: 2.013600 ms  DeleteObjects: 0.061300 ms)

========================================================================
Received Import Request.
  Time since last request: 6310.866005 seconds.
  path: Assets/Scenes/Darkness.unity
  artifactKey: Guid(a55b25866cf031a4c9c2a7a2fd950cb4) Importer(815301076,1909f56bfc062723c751e8b465ee728b)
Start importing Assets/Scenes/Darkness.unity using Guid(a55b25866cf031a4c9c2a7a2fd950cb4) Importer(815301076,1909f56bfc062723c751e8b465ee728b)  -> (artifact id: '2bf58c0f343c2f3245fc69e1e363fa08') in 0.018874 seconds 
========================================================================
Received Import Request.
  Time since last request: 98.908944 seconds.
  path: Assets/Scenes/TestScene.unity
  artifactKey: Guid(2caf9760e54286d4f80935af20c599a9) Importer(815301076,1909f56bfc062723c751e8b465ee728b)
Start importing Assets/Scenes/TestScene.unity using Guid(2caf9760e54286d4f80935af20c599a9) Importer(815301076,1909f56bfc062723c751e8b465ee728b)  -> (artifact id: '24244b824d6fc96f8f0899937925a4d2') in 0.007989 seconds 
========================================================================
Received Import Request.
  Time since last request: 58.553817 seconds.
  path: Assets/Scenes/Darkness.unity
  artifactKey: Guid(a55b25866cf031a4c9c2a7a2fd950cb4) Importer(815301076,1909f56bfc062723c751e8b465ee728b)
Start importing Assets/Scenes/Darkness.unity using Guid(a55b25866cf031a4c9c2a7a2fd950cb4) Importer(815301076,1909f56bfc062723c751e8b465ee728b)  -> (artifact id: 'd169740f99987310c3b95436d1b2175f') in 0.003836 seconds 
========================================================================
Received Import Request.
  Time since last request: 29.220014 seconds.
  path: Assets/Furniture_ges1/scene.unity
  artifactKey: Guid(634c41117f48a1940933d58845b6f252) Importer(815301076,1909f56bfc062723c751e8b465ee728b)
Start importing Assets/Furniture_ges1/scene.unity using Guid(634c41117f48a1940933d58845b6f252) Importer(815301076,1909f56bfc062723c751e8b465ee728b)  -> (artifact id: '19fbe2ace23b3ea3904c1c063eaaa6bf') in 0.009119 seconds 
========================================================================
Received Import Request.
  Time since last request: 293.978848 seconds.
  path: Assets/Materials/New Lighting Settings.lighting
  artifactKey: Guid(410cd979c2299614898512d7b45a7cd5) Importer(815301076,1909f56bfc062723c751e8b465ee728b)
Start importing Assets/Materials/New Lighting Settings.lighting using Guid(410cd979c2299614898512d7b45a7cd5) Importer(815301076,1909f56bfc062723c751e8b465ee728b)  -> (artifact id: '7020554b7738e8f691d1b7523eecf9ef') in 0.011989 seconds 
========================================================================
Received Prepare
Registering precompiled user dll's ...
Registered in 0.002740 seconds.
Begin MonoManager ReloadAssembly
Native extension for WindowsStandalone target not found
Refreshing native plugins compatible for Editor in 0.54 ms, found 1 plugins.
Preloading 0 native plugins for Editor in 0.00 ms.
Mono: successfully reloaded assembly
- Completed reload, in  0.755 seconds
Platform modules already initialized, skipping
Refreshing native plugins compatible for Editor in 0.58 ms, found 1 plugins.
Preloading 0 native plugins for Editor in 0.00 ms.
Unloading 2740 Unused Serialized files (Serialized files now loaded: 0)
System memory in use before: 107.8 MB.
System memory in use after: 108.0 MB.

Unloading 10 unused Assets to reduce memory usage. Loaded Objects now: 3366.
Total: 2.719500 ms (FindLiveObjects: 0.274800 ms CreateObjectMapping: 0.068600 ms MarkObjects: 2.301500 ms  DeleteObjects: 0.072400 ms)

========================================================================
Received Prepare
Registering precompiled user dll's ...
Registered in 0.002516 seconds.
Begin MonoManager ReloadAssembly
Native extension for WindowsStandalone target not found
Refreshing native plugins compatible for Editor in 0.54 ms, found 1 plugins.
Preloading 0 native plugins for Editor in 0.00 ms.
Mono: successfully reloaded assembly
- Completed reload, in  0.777 seconds
Platform modules already initialized, skipping
Refreshing native plugins compatible for Editor in 0.59 ms, found 1 plugins.
Preloading 0 native plugins for Editor in 0.00 ms.
Unloading 2740 Unused Serialized files (Serialized files now loaded: 0)
System memory in use before: 107.8 MB.
System memory in use after: 108.0 MB.

Unloading 10 unused Assets to reduce memory usage. Loaded Objects now: 3369.
Total: 3.059200 ms (FindLiveObjects: 0.480400 ms CreateObjectMapping: 0.112200 ms MarkObjects: 2.370900 ms  DeleteObjects: 0.090600 ms)

========================================================================
Received Prepare
Registering precompiled user dll's ...
Registered in 0.002819 seconds.
Begin MonoManager ReloadAssembly
Native extension for WindowsStandalone target not found
Refreshing native plugins compatible for Editor in 0.55 ms, found 1 plugins.
Preloading 0 native plugins for Editor in 0.00 ms.
Mono: successfully reloaded assembly
- Completed reload, in  0.773 seconds
Platform modules already initialized, skipping
Refreshing native plugins compatible for Editor in 0.52 ms, found 1 plugins.
Preloading 0 native plugins for Editor in 0.00 ms.
Unloading 2740 Unused Serialized files (Serialized files now loaded: 0)
System memory in use before: 107.8 MB.
System memory in use after: 108.0 MB.

Unloading 10 unused Assets to reduce memory usage. Loaded Objects now: 3372.
Total: 2.289600 ms (FindLiveObjects: 0.321800 ms CreateObjectMapping: 0.132400 ms MarkObjects: 1.770400 ms  DeleteObjects: 0.063500 ms)

========================================================================
Received Prepare
Registering precompiled user dll's ...
Registered in 0.002424 seconds.
Begin MonoManager ReloadAssembly
Native extension for WindowsStandalone target not found
Refreshing native plugins compatible for Editor in 0.54 ms, found 1 plugins.
Preloading 0 native plugins for Editor in 0.00 ms.
Mono: successfully reloaded assembly
- Completed reload, in  0.780 seconds
Platform modules already initialized, skipping
Refreshing native plugins compatible for Editor in 0.61 ms, found 1 plugins.
Preloading 0 native plugins for Editor in 0.00 ms.
Unloading 2740 Unused Serialized files (Serialized files now loaded: 0)
System memory in use before: 107.8 MB.
System memory in use after: 108.0 MB.

Unloading 10 unused Assets to reduce memory usage. Loaded Objects now: 3375.
Total: 3.084100 ms (FindLiveObjects: 0.510400 ms CreateObjectMapping: 0.261900 ms MarkObjects: 2.231100 ms  DeleteObjects: 0.079300 ms)

========================================================================
Received Prepare
Registering precompiled user dll's ...
Registered in 0.002384 seconds.
Begin MonoManager ReloadAssembly
Native extension for WindowsStandalone target not found
Refreshing native plugins compatible for Editor in 0.53 ms, found 1 plugins.
Preloading 0 native plugins for Editor in 0.00 ms.
Mono: successfully reloaded assembly
- Completed reload, in  0.787 seconds
Platform modules already initialized, skipping
Refreshing native plugins compatible for Editor in 0.54 ms, found 1 plugins.
Preloading 0 native plugins for Editor in 0.00 ms.
Unloading 2740 Unused Serialized files (Serialized files now loaded: 0)
System memory in use before: 107.8 MB.
System memory in use after: 108.0 MB.

Unloading 10 unused Assets to reduce memory usage. Loaded Objects now: 3378.
Total: 2.392700 ms (FindLiveObjects: 0.445900 ms CreateObjectMapping: 0.141700 ms MarkObjects: 1.732800 ms  DeleteObjects: 0.070600 ms)

========================================================================
Received Prepare
Registering precompiled user dll's ...
Registered in 0.002424 seconds.
Begin MonoManager ReloadAssembly
Native extension for WindowsStandalone target not found
Refreshing native plugins compatible for Editor in 0.60 ms, found 1 plugins.
Preloading 0 native plugins for Editor in 0.00 ms.
Mono: successfully reloaded assembly
- Completed reload, in  0.781 seconds
Platform modules already initialized, skipping
Refreshing native plugins compatible for Editor in 0.57 ms, found 1 plugins.
Preloading 0 native plugins for Editor in 0.00 ms.
Unloading 2740 Unused Serialized files (Serialized files now loaded: 0)
System memory in use before: 107.8 MB.
System memory in use after: 108.0 MB.

Unloading 10 unused Assets to reduce memory usage. Loaded Objects now: 3381.
Total: 2.467500 ms (FindLiveObjects: 0.303100 ms CreateObjectMapping: 0.117700 ms MarkObjects: 1.981100 ms  DeleteObjects: 0.064400 ms)

========================================================================
Received Prepare
Registering precompiled user dll's ...
Registered in 0.002700 seconds.
Begin MonoManager ReloadAssembly
Native extension for WindowsStandalone target not found
Refreshing native plugins compatible for Editor in 0.56 ms, found 1 plugins.
Preloading 0 native plugins for Editor in 0.00 ms.
Mono: successfully reloaded assembly
- Completed reload, in  0.786 seconds
Platform modules already initialized, skipping
Refreshing native plugins compatible for Editor in 0.55 ms, found 1 plugins.
Preloading 0 native plugins for Editor in 0.00 ms.
Unloading 2740 Unused Serialized files (Serialized files now loaded: 0)
System memory in use before: 107.8 MB.
System memory in use after: 108.0 MB.

Unloading 10 unused Assets to reduce memory usage. Loaded Objects now: 3384.
Total: 2.328000 ms (FindLiveObjects: 0.263500 ms CreateObjectMapping: 0.067000 ms MarkObjects: 1.934200 ms  DeleteObjects: 0.061200 ms)

AssetImportWorkerClient::OnTransportError - code=2 error=End of file
